16:32:35 === torch 2.11.0+rocm7.2 HIP 7.2.26015 ===
16:32:35 device gfx900:xnack-
16:32:35 BEGIN pointwise chain
16:32:36 END   pointwise chain  PASS  max abs 1.19e-07
16:32:36 BEGIN sum 4M
16:32:36 END   sum 4M  PASS  max abs 4.88e-04
16:32:36 BEGIN softmax
16:32:36 END   softmax  PASS  max abs 1.49e-08
16:32:36 BEGIN layer_norm
16:32:36 END   layer_norm  PASS  max abs 7.15e-07
16:32:36 BEGIN sdpa attention
16:32:36 END   sdpa attention  PASS  max abs 3.28e-07
16:32:36 BEGIN conv net forward
16:32:37 END   conv net forward  PASS  max abs 1.89e-07
16:32:37 BEGIN backward pass
16:32:37 END   backward pass  PASS  max abs 4.32e-07
16:32:37 BEGIN fp16 matmul
16:32:37 END   fp16 matmul  PASS  max abs 5.01e-02
16:32:37 BEGIN bf16 matmul
16:32:37 END   bf16 matmul  PASS  max abs 3.96e-01
16:32:37 === DONE: 9/9 passed ===
